leaf: too many argument to function foo; file: tsuite/bar0004.leaf, line: 10, column: 1
