leaf: context mismatch: <int> appeared where <bool> required; file: tsuite/bar0001.leaf, line: 5, column: 5
