leaf: expected ')' before ';' token; file: tsuite/bar0003.leaf, line: 10, column: 10
