leaf: too few argument to function foo; file: tsuite/bar0005.leaf, line: 10, column: 1
