leaf: type mismatch: <int> at true-clause with <bool> at false-clause; file: tsuite/bar0002.leaf, line: 5, column: 5
