expr 7 * 4
expr 3 + 7 * 4
expr 3 + 7 * 4 - 1
accepted
30
